// Jest Snapshot v1, https://goo.gl/fbAQLP

exports[`Test TaskManagerContainer Component Check snapshot version 1`] = `
ShallowWrapper {
  Symbol(enzyme.__root__): [Circular],
  Symbol(enzyme.__unrendered__): <TaskManagerContainer />,
  Symbol(enzyme.__renderer__): Object {
    "batchedUpdates": [Function],
    "checkPropTypes": [Function],
    "getNode": [Function],
    "render": [Function],
    "simulateError": [Function],
    "simulateEvent": [Function],
    "unmount": [Function],
  },
  Symbol(enzyme.__node__): Object {
    "instance": null,
    "key": undefined,
    "nodeType": "class",
    "props": Object {
      "children": Array [
        <h1>
          TESTE
        </h1>,
        Array [
          <TaskItem
            changeChecked={[Function]}
            checked={false}
            text="Realizar compras"
          />,
          <TaskItem
            changeChecked={[Function]}
            checked={false}
            text="Assistir vídeo aulas"
          />,
          <TaskItem
            changeChecked={[Function]}
            checked={false}
            text="Passar o recado para o joão"
          />,
        ],
      ],
    },
    "ref": null,
    "rendered": Array [
      Object {
        "instance": null,
        "key": undefined,
        "nodeType": "host",
        "props": Object {
          "children": "TESTE",
        },
        "ref": null,
        "rendered": "TESTE",
        "type": "h1",
      },
      Object {
        "instance": null,
        "key": "0",
        "nodeType": "class",
        "props": Object {
          "changeChecked": [Function],
          "checked": false,
          "text": "Realizar compras",
        },
        "ref": null,
        "rendered": null,
        "type": [Function],
      },
      Object {
        "instance": null,
        "key": "1",
        "nodeType": "class",
        "props": Object {
          "changeChecked": [Function],
          "checked": false,
          "text": "Assistir vídeo aulas",
        },
        "ref": null,
        "rendered": null,
        "type": [Function],
      },
      Object {
        "instance": null,
        "key": "2",
        "nodeType": "class",
        "props": Object {
          "changeChecked": [Function],
          "checked": false,
          "text": "Passar o recado para o joão",
        },
        "ref": null,
        "rendered": null,
        "type": [Function],
      },
    ],
    "type": [Function],
  },
  Symbol(enzyme.__nodes__): Array [
    Object {
      "instance": null,
      "key": undefined,
      "nodeType": "class",
      "props": Object {
        "children": Array [
          <h1>
            TESTE
          </h1>,
          Array [
            <TaskItem
              changeChecked={[Function]}
              checked={false}
              text="Realizar compras"
            />,
            <TaskItem
              changeChecked={[Function]}
              checked={false}
              text="Assistir vídeo aulas"
            />,
            <TaskItem
              changeChecked={[Function]}
              checked={false}
              text="Passar o recado para o joão"
            />,
          ],
        ],
      },
      "ref": null,
      "rendered": Array [
        Object {
          "instance": null,
          "key": undefined,
          "nodeType": "host",
          "props": Object {
            "children": "TESTE",
          },
          "ref": null,
          "rendered": "TESTE",
          "type": "h1",
        },
        Object {
          "instance": null,
          "key": "0",
          "nodeType": "class",
          "props": Object {
            "changeChecked": [Function],
            "checked": false,
            "text": "Realizar compras",
          },
          "ref": null,
          "rendered": null,
          "type": [Function],
        },
        Object {
          "instance": null,
          "key": "1",
          "nodeType": "class",
          "props": Object {
            "changeChecked": [Function],
            "checked": false,
            "text": "Assistir vídeo aulas",
          },
          "ref": null,
          "rendered": null,
          "type": [Function],
        },
        Object {
          "instance": null,
          "key": "2",
          "nodeType": "class",
          "props": Object {
            "changeChecked": [Function],
            "checked": false,
            "text": "Passar o recado para o joão",
          },
          "ref": null,
          "rendered": null,
          "type": [Function],
        },
      ],
      "type": [Function],
    },
  ],
  Symbol(enzyme.__options__): Object {
    "adapter": ReactSixteenAdapter {
      "options": Object {
        "enableComponentDidUpdateOnSetState": true,
        "legacyContextMode": "parent",
        "lifecycles": Object {
          "componentDidUpdate": Object {
            "onSetState": true,
          },
          "getChildContext": Object {
            "calledByRenderer": false,
          },
          "getDerivedStateFromError": true,
          "getDerivedStateFromProps": Object {
            "hasShouldComponentUpdateBug": false,
          },
          "getSnapshotBeforeUpdate": true,
          "setState": Object {
            "skipsComponentDidUpdateOnNullish": true,
          },
        },
      },
    },
  },
  Symbol(enzyme.__childContext__): null,
}
`;
